// Jest Snapshot v1, https://goo.gl/fbAQLP

exports[`Back componente renders initial screen 1`] = `
<View
  accessible={true}
  focusable={true}
  isTVSelectable={true}
  onClick={[Function]}
  onResponderGrant={[Function]}
  onResponderMove={[Function]}
  onResponderRelease={[Function]}
  onResponderTerminate={[Function]}
  onResponderTerminationRequest={[Function]}
  onStartShouldSetResponder={[Function]}
  style={
    Object {
      "flexDirection": "row",
      "margin": 20,
      "opacity": 1,
      "position": "relative",
      "textAlign": "left",
      "width": 750,
      "zIndex": 99,
    }
  }
>
  <div />
  <Text>
    Back
  </Text>
</View>
`;
