// Jest Snapshot v1, https://goo.gl/fbAQLP

exports[`App Component renders screen 1`] = `
<View
  style={
    Object {
      "backgroundColor": "#c4e248",
      "flex": 1,
    }
  }
>
  <Text
    style={
      Object {
        "backgroundColor": "#000",
        "color": "#fff",
        "fontSize": 45,
        "fontWeight": "bold",
        "paddingBottom": 5,
        "paddingTop": 5,
        "position": "relative",
        "textAlign": "center",
        "width": 750,
        "zIndex": 98,
      }
    }
  >
    Your News
  </Text>
  <View />
  <View
    style={
      Object {
        "marginTop": 60,
      }
    }
  >
    <div />
  </View>
</View>
`;
