// Jest Snapshot v1, https://goo.gl/fbAQLP

exports[`App Component renders screen 1`] = `
Array [
  <Text
    style={
      Object {
        "backgroundColor": "#000",
        "color": "#fff",
        "fontSize": 45,
        "fontWeight": "bold",
        "paddingBottom": 5,
        "paddingTop": 5,
        "textAlign": "center",
        "width": 750,
        "zIndex": 98,
      }
    }
  >
    Your News
  </Text>,
  <div />,
]
`;
